

================================================================
== Vivado HLS Report for 'axi_stream_counter'
================================================================
* Date:           Mon Jan 21 17:23:36 2019

* Version:        2018.3 (Build 2405991 on Thu Dec 06 23:56:15 MST 2018)
* Project:        axi_stream_counter
* Solution:       solution1
* Product family: zynq
* Target device:  xc7z010clg400-1


================================================================
== Performance Estimates
================================================================
+ Timing (ns): 
    * Summary: 
    +--------+-------+----------+------------+
    |  Clock | Target| Estimated| Uncertainty|
    +--------+-------+----------+------------+
    |ap_clk  |  10.00|     2.552|        1.25|
    +--------+-------+----------+------------+

+ Latency (clock cycles): 
    * Summary: 
    +-----+-----+-----+-----+---------+
    |  Latency  |  Interval | Pipeline|
    | min | max | min | max |   Type  |
    +-----+-----+-----+-----+---------+
    |    1|    1|    1|    1|   none  |
    +-----+-----+-----+-----+---------+

    + Detail: 
        * Instance: 
        N/A

        * Loop: 
        N/A



================================================================
== Utilization Estimates
================================================================
* Summary: 
+-----------------+---------+-------+-------+-------+
|       Name      | BRAM_18K| DSP48E|   FF  |  LUT  |
+-----------------+---------+-------+-------+-------+
|DSP              |        -|      -|      -|      -|
|Expression       |        -|      -|      0|     51|
|FIFO             |        -|      -|      -|      -|
|Instance         |        -|      -|      -|      -|
|Memory           |        -|      -|      -|      -|
|Multiplexer      |        -|      -|      -|     48|
|Register         |        -|      -|    102|      -|
+-----------------+---------+-------+-------+-------+
|Total            |        0|      0|    102|     99|
+-----------------+---------+-------+-------+-------+
|Available        |      120|     80|  35200|  17600|
+-----------------+---------+-------+-------+-------+
|Utilization (%)  |        0|      0|   ~0  |   ~0  |
+-----------------+---------+-------+-------+-------+

+ Detail: 
    * Instance: 
    N/A

    * DSP48: 
    N/A

    * Memory: 
    N/A

    * FIFO: 
    N/A

    * Expression: 
    +---------------------------------+----------+-------+---+----+------------+------------+
    |          Variable Name          | Operation| DSP48E| FF| LUT| Bitwidth P0| Bitwidth P1|
    +---------------------------------+----------+-------+---+----+------------+------------+
    |counterValue_assign_fu_35_p2     |     +    |      0|  0|  39|          32|           1|
    |counter_output_1_load_A          |    and   |      0|  0|   2|           1|           1|
    |counter_output_1_load_B          |    and   |      0|  0|   2|           1|           1|
    |counter_output_1_state_cmp_full  |   icmp   |      0|  0|   8|           2|           1|
    +---------------------------------+----------+-------+---+----+------------+------------+
    |Total                            |          |      0|  0|  51|          36|           4|
    +---------------------------------+----------+-------+---+----+------------+------------+

    * Multiplexer: 
    +----------------------------+----+-----------+-----+-----------+
    |            Name            | LUT| Input Size| Bits| Total Bits|
    +----------------------------+----+-----------+-----+-----------+
    |ap_NS_fsm                   |  15|          3|    1|          3|
    |counter_output_1_data_out   |   9|          2|   32|         64|
    |counter_output_1_state      |  15|          3|    2|          6|
    |counter_output_TDATA_blk_n  |   9|          2|    1|          2|
    +----------------------------+----+-----------+-----+-----------+
    |Total                       |  48|         10|   36|         75|
    +----------------------------+----+-----------+-----+-----------+

    * Register: 
    +----------------------------+----+----+-----+-----------+
    |            Name            | FF | LUT| Bits| Const Bits|
    +----------------------------+----+----+-----+-----------+
    |ap_CS_fsm                   |   2|   0|    2|          0|
    |counterValue                |  32|   0|   32|          0|
    |counter_output_1_payload_A  |  32|   0|   32|          0|
    |counter_output_1_payload_B  |  32|   0|   32|          0|
    |counter_output_1_sel_rd     |   1|   0|    1|          0|
    |counter_output_1_sel_wr     |   1|   0|    1|          0|
    |counter_output_1_state      |   2|   0|    2|          0|
    +----------------------------+----+----+-----+-----------+
    |Total                       | 102|   0|  102|          0|
    +----------------------------+----+----+-----+-----------+



================================================================
== Interface
================================================================
* Summary: 
+-----------------------+-----+-----+------------+--------------------+--------------+
|       RTL Ports       | Dir | Bits|  Protocol  |    Source Object   |    C Type    |
+-----------------------+-----+-----+------------+--------------------+--------------+
|ap_clk                 |  in |    1| ap_ctrl_hs | axi_stream_counter | return value |
|ap_rst_n               |  in |    1| ap_ctrl_hs | axi_stream_counter | return value |
|ap_start               |  in |    1| ap_ctrl_hs | axi_stream_counter | return value |
|ap_done                | out |    1| ap_ctrl_hs | axi_stream_counter | return value |
|ap_idle                | out |    1| ap_ctrl_hs | axi_stream_counter | return value |
|ap_ready               | out |    1| ap_ctrl_hs | axi_stream_counter | return value |
|ap_return              | out |   32| ap_ctrl_hs | axi_stream_counter | return value |
|counter_output_TDATA   | out |   32|    axis    |   counter_output   |    pointer   |
|counter_output_TVALID  | out |    1|    axis    |   counter_output   |    pointer   |
|counter_output_TREADY  |  in |    1|    axis    |   counter_output   |    pointer   |
+-----------------------+-----+-----+------------+--------------------+--------------+

