16:12:02 **** Build of configuration Debug for project Lab_05 ****
make pre-build main-build 
a9-linaro-pre-build-step
' '
'Building file: ../src/Lab_05.c'
'Invoking: ARM v7 gcc compiler'
arm-none-eabi-gcc -Wall -O0 -g3 -c -fmessage-length=0 -MT"src/Lab_05.o" -mcpu=cortex-a9 -mfpu=vfpv3 -mfloat-abi=hard -I../../Lab_05_bsp/ps7_cortexa9_0/include -MMD -MP -MF"src/Lab_05.d" -MT"src/Lab_05.o" -o "src/Lab_05.o" "../src/Lab_05.c"
'Finished building: ../src/Lab_05.c'
' '
'Building file: ../src/platform.c'
'Invoking: ARM v7 gcc compiler'
arm-none-eabi-gcc -Wall -O0 -g3 -c -fmessage-length=0 -MT"src/platform.o" -mcpu=cortex-a9 -mfpu=vfpv3 -mfloat-abi=hard -I../../Lab_05_bsp/ps7_cortexa9_0/include -MMD -MP -MF"src/platform.d" -MT"src/platform.o" -o "src/platform.o" "../src/platform.c"
'Finished building: ../src/platform.c'
' '
'Building target: Lab_05.elf'
'Invoking: ARM v7 gcc linker'
arm-none-eabi-gcc -mcpu=cortex-a9 -mfpu=vfpv3 -mfloat-abi=hard -Wl,-build-id=none -specs=Xilinx.spec -Wl,-T -Wl,../src/lscript.ld -L../../Lab_05_bsp/ps7_cortexa9_0/lib -o "Lab_05.elf"  ./src/Lab_05.o ./src/platform.o   -Wl,--start-group,-lxil,-lgcc,-lc,--end-group
'Finished building target: Lab_05.elf'
' '
'Invoking: ARM v7 Print Size'
arm-none-eabi-size Lab_05.elf  |tee "Lab_05.elf.size"
   text	   data	    bss	    dec	    hex	filename
  77484	   2588	  23344	 103416	  193f8	Lab_05.elf
'Finished building: Lab_05.elf.size'
' '

16:12:03 Build Finished (took 1s.446ms)

